bundler: failed to load command: jekyll (C:/Ruby40-x64/bin/jekyll)
C:/Ruby40-x64/lib/ruby/gems/4.0.0/gems/bundler-4.0.18/lib/bundler/resolver.rb:367:in 'Bundler::Resolver#raise_not_found!': Could not find gem 'github-pages' in locally installed gems. (Bundler::GemNotFound)
	from C:/Ruby40-x64/lib/ruby/gems/4.0.0/gems/bundler-4.0.18/lib/bundler/resolver.rb:529:in 'block in Bundler::Resolver#prepare_dependencies'
	from C:/Ruby40-x64/lib/ruby/gems/4.0.0/gems/bundler-4.0.18/lib/bundler/resolver.rb:504:in 'Hash#each'
	from C:/Ruby40-x64/lib/ruby/gems/4.0.0/gems/bundler-4.0.18/lib/bundler/resolver.rb:504:in 'Enumerable#filter_map'
	from C:/Ruby40-x64/lib/ruby/gems/4.0.0/gems/bundler-4.0.18/lib/bundler/resolver.rb:504:in 'Bundler::Resolver#prepare_dependencies'
	from C:/Ruby40-x64/lib/ruby/gems/4.0.0/gems/bundler-4.0.18/lib/bundler/resolver.rb:63:in 'Bundler::Resolver#setup_solver'
	from C:/Ruby40-x64/lib/ruby/gems/4.0.0/gems/bundler-4.0.18/lib/bundler/resolver.rb:28:in 'Bundler::Resolver#start'
	from C:/Ruby40-x64/lib/ruby/gems/4.0.0/gems/bundler-4.0.18/lib/bundler/definition.rb:771:in 'Bundler::Definition#start_resolution'
	from C:/Ruby40-x64/lib/ruby/gems/4.0.0/gems/bundler-4.0.18/lib/bundler/definition.rb:361:in 'Bundler::Definition#resolve'
	from C:/Ruby40-x64/lib/ruby/gems/4.0.0/gems/bundler-4.0.18/lib/bundler/definition.rb:683:in 'Bundler::Definition#materialize'
	from C:/Ruby40-x64/lib/ruby/gems/4.0.0/gems/bundler-4.0.18/lib/bundler/definition.rb:250:in 'Bundler::Definition#specs'
	from C:/Ruby40-x64/lib/ruby/gems/4.0.0/gems/bundler-4.0.18/lib/bundler/definition.rb:323:in 'Bundler::Definition#specs_for'
	from C:/Ruby40-x64/lib/ruby/gems/4.0.0/gems/bundler-4.0.18/lib/bundler/runtime.rb:18:in 'Bundler::Runtime#setup'
	from C:/Ruby40-x64/lib/ruby/gems/4.0.0/gems/bundler-4.0.18/lib/bundler.rb:166:in 'Bundler.setup'
	from C:/Ruby40-x64/lib/ruby/gems/4.0.0/gems/bundler-4.0.18/lib/bundler/setup.rb:32:in 'block in <top (required)>'
	from C:/Ruby40-x64/lib/ruby/gems/4.0.0/gems/bundler-4.0.18/lib/bundler/ui/shell.rb:177:in 'Bundler::UI::Shell#with_level'
	from C:/Ruby40-x64/lib/ruby/gems/4.0.0/gems/bundler-4.0.18/lib/bundler/ui/shell.rb:122:in 'Bundler::UI::Shell#silence'
	from C:/Ruby40-x64/lib/ruby/gems/4.0.0/gems/bundler-4.0.18/lib/bundler/setup.rb:32:in '<top (required)>'
	from C:/Ruby40-x64/lib/ruby/gems/4.0.0/gems/bundler-4.0.18/lib/bundler/cli/exec.rb:59:in 'Kernel#require_relative'
	from C:/Ruby40-x64/lib/ruby/gems/4.0.0/gems/bundler-4.0.18/lib/bundler/cli/exec.rb:59:in 'Bundler::CLI::Exec#kernel_load'
	from C:/Ruby40-x64/lib/ruby/gems/4.0.0/gems/bundler-4.0.18/lib/bundler/cli/exec.rb:24:in 'Bundler::CLI::Exec#run'
	from C:/Ruby40-x64/lib/ruby/gems/4.0.0/gems/bundler-4.0.18/lib/bundler/cli.rb:509:in 'Bundler::CLI#exec'
	from C:/Ruby40-x64/lib/ruby/gems/4.0.0/gems/bundler-4.0.18/lib/bundler/vendor/thor/lib/thor/command.rb:28:in 'Bundler::Thor::Command#run'
	from C:/Ruby40-x64/lib/ruby/gems/4.0.0/gems/bundler-4.0.18/lib/bundler/vendor/thor/lib/thor/invocation.rb:127:in 'Bundler::Thor::Invocation#invoke_command'
	from C:/Ruby40-x64/lib/ruby/gems/4.0.0/gems/bundler-4.0.18/lib/bundler/vendor/thor/lib/thor.rb:538:in 'Bundler::Thor.dispatch'
	from C:/Ruby40-x64/lib/ruby/gems/4.0.0/gems/bundler-4.0.18/lib/bundler/cli.rb:35:in 'Bundler::CLI.dispatch'
	from C:/Ruby40-x64/lib/ruby/gems/4.0.0/gems/bundler-4.0.18/lib/bundler/vendor/thor/lib/thor/base.rb:584:in 'Bundler::Thor::Base::ClassMethods#start'
	from C:/Ruby40-x64/lib/ruby/gems/4.0.0/gems/bundler-4.0.18/lib/bundler/cli.rb:29:in 'Bundler::CLI.start'
	from C:/Ruby40-x64/lib/ruby/gems/4.0.0/gems/bundler-4.0.18/exe/bundle:28:in 'block in <top (required)>'
	from C:/Ruby40-x64/lib/ruby/gems/4.0.0/gems/bundler-4.0.18/lib/bundler/friendly_errors.rb:118:in 'Bundler.with_friendly_errors'
	from C:/Ruby40-x64/lib/ruby/gems/4.0.0/gems/bundler-4.0.18/exe/bundle:20:in '<top (required)>'
	from C:/Ruby40-x64/lib/ruby/site_ruby/4.0.0/rubygems.rb:305:in 'Kernel#load'
	from C:/Ruby40-x64/lib/ruby/site_ruby/4.0.0/rubygems.rb:305:in 'Gem.activate_and_load_bin_path'
	from C:/Ruby40-x64/bin/bundle:36:in '<main>'
